Archive member included to satisfy reference by file (symbol)

/Users/jnana/Desktop/EmbeddedWorkspace/SoftwareAndToolChain/gcc-arm-none-eabi-7-2017-q4-major/bin/../lib/gcc/arm-none-eabi/7.2.1/thumb/v7e-m/libgcc.a(_aeabi_uldivmod.o)
                              ./system/src/stm32f4xx/stm32f4xx_hal_rcc.o (__aeabi_uldivmod)
/Users/jnana/Desktop/EmbeddedWorkspace/SoftwareAndToolChain/gcc-arm-none-eabi-7-2017-q4-major/bin/../lib/gcc/arm-none-eabi/7.2.1/thumb/v7e-m/libgcc.a(_udivmoddi4.o)
                              /Users/jnana/Desktop/EmbeddedWorkspace/SoftwareAndToolChain/gcc-arm-none-eabi-7-2017-q4-major/bin/../lib/gcc/arm-none-eabi/7.2.1/thumb/v7e-m/libgcc.a(_aeabi_uldivmod.o) (__udivmoddi4)
/Users/jnana/Desktop/EmbeddedWorkspace/SoftwareAndToolChain/gcc-arm-none-eabi-7-2017-q4-major/bin/../lib/gcc/arm-none-eabi/7.2.1/thumb/v7e-m/libgcc.a(unwind-arm.o)
                              ./system/src/newlib/_cxx.o (__aeabi_unwind_cpp_pr1)
/Users/jnana/Desktop/EmbeddedWorkspace/SoftwareAndToolChain/gcc-arm-none-eabi-7-2017-q4-major/bin/../lib/gcc/arm-none-eabi/7.2.1/thumb/v7e-m/libgcc.a(libunwind.o)
                              /Users/jnana/Desktop/EmbeddedWorkspace/SoftwareAndToolChain/gcc-arm-none-eabi-7-2017-q4-major/bin/../lib/gcc/arm-none-eabi/7.2.1/thumb/v7e-m/libgcc.a(unwind-arm.o) (restore_core_regs)
/Users/jnana/Desktop/EmbeddedWorkspace/SoftwareAndToolChain/gcc-arm-none-eabi-7-2017-q4-major/bin/../lib/gcc/arm-none-eabi/7.2.1/thumb/v7e-m/libgcc.a(pr-support.o)
                              /Users/jnana/Desktop/EmbeddedWorkspace/SoftwareAndToolChain/gcc-arm-none-eabi-7-2017-q4-major/bin/../lib/gcc/arm-none-eabi/7.2.1/thumb/v7e-m/libgcc.a(unwind-arm.o) (__gnu_unwind_execute)
/Users/jnana/Desktop/EmbeddedWorkspace/SoftwareAndToolChain/gcc-arm-none-eabi-7-2017-q4-major/bin/../lib/gcc/arm-none-eabi/7.2.1/thumb/v7e-m/libgcc.a(_dvmd_tls.o)
                              /Users/jnana/Desktop/EmbeddedWorkspace/SoftwareAndToolChain/gcc-arm-none-eabi-7-2017-q4-major/bin/../lib/gcc/arm-none-eabi/7.2.1/thumb/v7e-m/libgcc.a(_aeabi_uldivmod.o) (__aeabi_ldiv0)
/Users/jnana/Desktop/EmbeddedWorkspace/SoftwareAndToolChain/gcc-arm-none-eabi-7-2017-q4-major/bin/../lib/gcc/arm-none-eabi/7.2.1/../../../../arm-none-eabi/lib/thumb/v7e-m/libg_nano.a(lib_a-errno.o)
                              ./system/src/newlib/_sbrk.o (__errno)
/Users/jnana/Desktop/EmbeddedWorkspace/SoftwareAndToolChain/gcc-arm-none-eabi-7-2017-q4-major/bin/../lib/gcc/arm-none-eabi/7.2.1/../../../../arm-none-eabi/lib/thumb/v7e-m/libg_nano.a(lib_a-impure.o)
                              /Users/jnana/Desktop/EmbeddedWorkspace/SoftwareAndToolChain/gcc-arm-none-eabi-7-2017-q4-major/bin/../lib/gcc/arm-none-eabi/7.2.1/../../../../arm-none-eabi/lib/thumb/v7e-m/libg_nano.a(lib_a-errno.o) (_impure_ptr)
/Users/jnana/Desktop/EmbeddedWorkspace/SoftwareAndToolChain/gcc-arm-none-eabi-7-2017-q4-major/bin/../lib/gcc/arm-none-eabi/7.2.1/../../../../arm-none-eabi/lib/thumb/v7e-m/libg_nano.a(lib_a-init.o)
                              ./system/src/cmsis/startup_stm32f411xe.o (__libc_init_array)
/Users/jnana/Desktop/EmbeddedWorkspace/SoftwareAndToolChain/gcc-arm-none-eabi-7-2017-q4-major/bin/../lib/gcc/arm-none-eabi/7.2.1/../../../../arm-none-eabi/lib/thumb/v7e-m/libg_nano.a(lib_a-memcpy-stub.o)
                              /Users/jnana/Desktop/EmbeddedWorkspace/SoftwareAndToolChain/gcc-arm-none-eabi-7-2017-q4-major/bin/../lib/gcc/arm-none-eabi/7.2.1/thumb/v7e-m/libgcc.a(unwind-arm.o) (memcpy)
/Users/jnana/Desktop/EmbeddedWorkspace/SoftwareAndToolChain/gcc-arm-none-eabi-7-2017-q4-major/bin/../lib/gcc/arm-none-eabi/7.2.1/../../../../arm-none-eabi/lib/thumb/v7e-m/libg_nano.a(lib_a-strlen.o)
                              ./system/src/diag/Trace.o (strlen)
/Users/jnana/Desktop/EmbeddedWorkspace/SoftwareAndToolChain/gcc-arm-none-eabi-7-2017-q4-major/bin/../lib/gcc/arm-none-eabi/7.2.1/../../../../arm-none-eabi/lib/thumb/v7e-m/libg_nano.a(lib_a-vsnprintf.o)
                              ./system/src/diag/Trace.o (vsnprintf)
/Users/jnana/Desktop/EmbeddedWorkspace/SoftwareAndToolChain/gcc-arm-none-eabi-7-2017-q4-major/bin/../lib/gcc/arm-none-eabi/7.2.1/../../../../arm-none-eabi/lib/thumb/v7e-m/libg_nano.a(lib_a-nano-svfprintf.o)
                              /Users/jnana/Desktop/EmbeddedWorkspace/SoftwareAndToolChain/gcc-arm-none-eabi-7-2017-q4-major/bin/../lib/gcc/arm-none-eabi/7.2.1/../../../../arm-none-eabi/lib/thumb/v7e-m/libg_nano.a(lib_a-vsnprintf.o) (_svfprintf_r)
/Users/jnana/Desktop/EmbeddedWorkspace/SoftwareAndToolChain/gcc-arm-none-eabi-7-2017-q4-major/bin/../lib/gcc/arm-none-eabi/7.2.1/../../../../arm-none-eabi/lib/thumb/v7e-m/libg_nano.a(lib_a-nano-vfprintf_i.o)
                              /Users/jnana/Desktop/EmbeddedWorkspace/SoftwareAndToolChain/gcc-arm-none-eabi-7-2017-q4-major/bin/../lib/gcc/arm-none-eabi/7.2.1/../../../../arm-none-eabi/lib/thumb/v7e-m/libg_nano.a(lib_a-nano-svfprintf.o) (_printf_i)
[...]
Memory Configuration

Name             Origin             Length             Attributes
FLASH            0x0000000008000000 0x0000000000080000 xr
RAM              0x0000000020000000 0x0000000000020000 xrw
CCMRAM           0x0000000010000000 0x0000000000000000 xrw
FLASHB1          0x0000000000000000 0x0000000000000000 xr
EXTMEMB0         0x0000000000000000 0x0000000000000000 xr
EXTMEMB1         0x0000000000000000 0x0000000000000000 xr
EXTMEMB2         0x0000000000000000 0x0000000000000000 xr
EXTMEMB3         0x0000000000000000 0x0000000000000000 xr
*default*        0x0000000000000000 0xffffffffffffffff

Linker script and memory map

LOAD ./system/src/stm32f4xx/stm32f4xx_hal.o
LOAD ./system/src/stm32f4xx/stm32f4xx_hal_cortex.o
LOAD ./system/src/stm32f4xx/stm32f4xx_hal_dma.o
LOAD ./system/src/stm32f4xx/stm32f4xx_hal_dma_ex.o
LOAD ./system/src/stm32f4xx/stm32f4xx_hal_flash.o
LOAD ./system/src/stm32f4xx/stm32f4xx_hal_flash_ex.o
LOAD ./system/src/stm32f4xx/stm32f4xx_hal_flash_ramfunc.o
LOAD ./system/src/stm32f4xx/stm32f4xx_hal_gpio.o
LOAD ./system/src/stm32f4xx/stm32f4xx_hal_pwr.o
LOAD ./system/src/stm32f4xx/stm32f4xx_hal_pwr_ex.o
LOAD ./system/src/stm32f4xx/stm32f4xx_hal_rcc.o
LOAD ./system/src/stm32f4xx/stm32f4xx_hal_rcc_ex.o
LOAD ./system/src/stm32f4xx/stm32f4xx_hal_tim.o
LOAD ./system/src/stm32f4xx/stm32f4xx_hal_tim_ex.o
LOAD ./system/src/newlib/_cxx.o
LOAD ./system/src/newlib/_exit.o
LOAD ./system/src/newlib/_sbrk.o
LOAD ./system/src/newlib/_startup.o
LOAD ./system/src/newlib/_syscalls.o
LOAD ./system/src/newlib/assert.o
LOAD ./system/src/diag/Trace.o
LOAD ./system/src/diag/trace_impl.o
LOAD ./system/src/cortexm/_initialize_hardware.o
LOAD ./system/src/cortexm/_reset_hardware.o
LOAD ./system/src/cortexm/exception_handlers.o
LOAD ./system/src/cmsis/startup_stm32f411xe.o
LOAD ./system/src/cmsis/system_stm32f4xx.o
LOAD ./src/Timer.o
LOAD ./src/_write.o
LOAD ./src/main.o
LOAD /Users/jnana/Desktop/EmbeddedWorkspace/SoftwareAndToolChain/gcc-arm-none-eabi-7-2017-q4-major/bin/../lib/gcc/arm-none-eabi/7.2.1/../../../../arm-none-eabi/lib/thumb/v7e-m/libstdc++_nano.a
LOAD /Users/jnana/Desktop/EmbeddedWorkspace/SoftwareAndToolChain/gcc-arm-none-eabi-7-2017-q4-major/bin/../lib/gcc/arm-none-eabi/7.2.1/../../../../arm-none-eabi/lib/thumb/v7e-m/libm.a
START GROUP
LOAD /Users/jnana/Desktop/EmbeddedWorkspace/SoftwareAndToolChain/gcc-arm-none-eabi-7-2017-q4-major/bin/../lib/gcc/arm-none-eabi/7.2.1/thumb/v7e-m/libgcc.a
LOAD /Users/jnana/Desktop/EmbeddedWorkspace/SoftwareAndToolChain/gcc-arm-none-eabi-7-2017-q4-major/bin/../lib/gcc/arm-none-eabi/7.2.1/../../../../arm-none-eabi/lib/thumb/v7e-m/libg_nano.a
LOAD /Users/jnana/Desktop/EmbeddedWorkspace/SoftwareAndToolChain/gcc-arm-none-eabi-7-2017-q4-major/bin/../lib/gcc/arm-none-eabi/7.2.1/../../../../arm-none-eabi/lib/thumb/v7e-m/libc_nano.a
END GROUP
START GROUP
LOAD /Users/jnana/Desktop/EmbeddedWorkspace/SoftwareAndToolChain/gcc-arm-none-eabi-7-2017-q4-major/bin/../lib/gcc/arm-none-eabi/7.2.1/thumb/v7e-m/libgcc.a
LOAD /Users/jnana/Desktop/EmbeddedWorkspace/SoftwareAndToolChain/gcc-arm-none-eabi-7-2017-q4-major/bin/../lib/gcc/arm-none-eabi/7.2.1/../../../../arm-none-eabi/lib/thumb/v7e-m/libc_nano.a
END GROUP
                0x0000000020020000                __stack = (ORIGIN (RAM) + LENGTH (RAM))
                0x0000000020020000                _estack = __stack
                0x0000000000000400                __Main_Stack_Size = 0x400
                [!provide]                        PROVIDE (_Main_Stack_Size, __Main_Stack_Size)
                0x000000002001fc00                __Main_Stack_Limit = (__stack - __Main_Stack_Size)
                [!provide]                        PROVIDE (_Main_Stack_Limit, __Main_Stack_Limit)
                0x0000000000000100                _Minimum_Stack_Size = 0x100
                0x0000000020000118                PROVIDE (_Heap_Begin, _end_noinit)
                0x000000002001fc00                PROVIDE (_Heap_Limit, (__stack - __Main_Stack_Size))

.isr_vector     0x0000000008000000      0x3d8
 FILL mask 0xff
                0x0000000008000000                __vectors_start = ABSOLUTE (.)
                0x0000000008000000                __vectors_start__ = ABSOLUTE (.)
 *(.isr_vector)
 .isr_vector    0x0000000008000000      0x198 ./system/src/cmsis/startup_stm32f411xe.o
                0x0000000008000000                g_pfnVectors
 *(.cfmconfig)
 *(.after_vectors .after_vectors.*)
 .after_vectors
                0x0000000008000198      0x114 ./system/src/newlib/_startup.o
                0x0000000008000198                _start
 .after_vectors
                0x00000000080002ac      0x12c ./system/src/cortexm/exception_handlers.o
                0x00000000080002ac                Reset_Handler
                0x00000000080002b2                NMI_Handler
                0x00000000080002b6                HardFault_Handler
                0x00000000080002ca                HardFault_Handler_C
                0x0000000008000328                MemManage_Handler
                0x000000000800032c                BusFault_Handler
                0x0000000008000340                BusFault_Handler_C
                0x0000000008000374                UsageFault_Handler
                0x0000000008000388                UsageFault_Handler_C
                0x00000000080003bc                SVC_Handler
                0x00000000080003c0                DebugMon_Handler
                0x00000000080003c4                PendSV_Handler

.inits          0x00000000080003d8       0x28
                0x00000000080003d8                __data_regions_array_start = .
                0x00000000080003d8        0x4 LONG 0x80011c8 LOADADDR (.data)
                0x00000000080003dc        0x4 LONG 0x20000000 ADDR (.data)
                0x00000000080003e0        0x4 LONG 0x20000078 (ADDR (.data) + SIZEOF (.data))
                0x00000000080003e4        0x4 LONG 0x80011c8 LOADADDR (.data_CCMRAM)
                0x00000000080003e8        0x4 LONG 0x10000000 ADDR (.data_CCMRAM)
                0x00000000080003ec        0x4 LONG 0x10000000 (ADDR (.data_CCMRAM) + SIZEOF (.data_CCMRAM))
                0x00000000080003f0                __data_regions_array_end = .
                0x00000000080003f0                __bss_regions_array_start = .
                0x00000000080003f0        0x4 LONG 0x20000078 ADDR (.bss)
                0x00000000080003f4        0x4 LONG 0x20000118 (ADDR (.bss) + SIZEOF (.bss))
                0x00000000080003f8        0x4 LONG 0x10000000 ADDR (.bss_CCMRAM)
                0x00000000080003fc        0x4 LONG 0x10000000 (ADDR (.bss_CCMRAM) + SIZEOF (.bss_CCMRAM))
                0x0000000008000400                __bss_regions_array_end = .
 *(.init)
 *(.fini)
                0x0000000008000400                . = ALIGN (0x4)
                0x0000000008000400                PROVIDE (__preinit_array_start, .)
 *(.preinit_array_sysinit .preinit_array_sysinit.*)
 *(.preinit_array_platform .preinit_array_platform.*)
 *(.preinit_array .preinit_array.*)
                0x0000000008000400                PROVIDE (__preinit_array_end, .)
                0x0000000008000400                . = ALIGN (0x4)
                0x0000000008000400                PROVIDE (__init_array_start, .)
 *(SORT_BY_NAME(.init_array.*))
 *(.init_array)
                0x0000000008000400                PROVIDE (__init_array_end, .)
                0x0000000008000400                . = ALIGN (0x4)
                0x0000000008000400                PROVIDE (__fini_array_start, .)
 *(SORT_BY_NAME(.fini_array.*))
 *(.fini_array)
                0x0000000008000400                PROVIDE (__fini_array_end, .)

.flashtext
 *(.flashtext .flashtext.*)

.text           0x0000000008000400      0xdc7
 *(.text .text.*)
 .text._exit    0x0000000008000400        0x2 ./system/src/newlib/_exit.o
                0x0000000008000400                _exit
 *fill*         0x0000000008000402        0x2 
 .text._sbrk    0x0000000008000404       0x44 ./system/src/newlib/_sbrk.o
                0x0000000008000404                _sbrk
 .text.__initialize_args
                0x0000000008000448       0x10 ./system/src/newlib/_syscalls.o
                0x0000000008000448                __initialize_args
 .text.trace_printf
                0x0000000008000458       0x30 ./system/src/diag/Trace.o
                0x0000000008000458                trace_printf
 .text.trace_puts
                0x0000000008000488       0x20 ./system/src/diag/Trace.o
                0x0000000008000488                trace_puts
 .text._trace_write_semihosting_debug
                0x00000000080004a8       0x60 ./system/src/diag/trace_impl.o
 .text.trace_write
                0x0000000008000508        0x8 ./system/src/diag/trace_impl.o
                0x0000000008000508                trace_write
 .text.__initialize_hardware_early
                0x0000000008000510       0x18 ./system/src/cortexm/_initialize_hardware.o
                0x0000000008000510                __initialize_hardware_early
 .text.__initialize_hardware
                0x0000000008000528        0x8 ./system/src/cortexm/_initialize_hardware.o
                0x0000000008000528                __initialize_hardware
 .text.dumpExceptionStack
                0x0000000008000530       0xf4 ./system/src/cortexm/exception_handlers.o
                0x0000000008000530                dumpExceptionStack
 .text.isSemihosting
                0x0000000008000624       0x20 ./system/src/cortexm/exception_handlers.o
                0x0000000008000624                isSemihosting
 .text.Default_Handler
                0x0000000008000644        0x2 ./system/src/cmsis/startup_stm32f411xe.o
                0x0000000008000644                DMA1_Stream3_IRQHandler
                0x0000000008000644                EXTI2_IRQHandler
                0x0000000008000644                SPI4_IRQHandler
                0x0000000008000644                TIM1_CC_IRQHandler
                0x0000000008000644                DMA2_Stream5_IRQHandler
                0x0000000008000644                DMA1_Stream5_IRQHandler
                0x0000000008000644                PVD_IRQHandler
                0x0000000008000644                SDIO_IRQHandler
                0x0000000008000644                TAMP_STAMP_IRQHandler
                0x0000000008000644                EXTI3_IRQHandler
                0x0000000008000644                TIM1_UP_TIM10_IRQHandler
                0x0000000008000644                I2C3_ER_IRQHandler
                0x0000000008000644                EXTI0_IRQHandler
                0x0000000008000644                I2C2_EV_IRQHandler
                0x0000000008000644                DMA1_Stream2_IRQHandler
                0x0000000008000644                FPU_IRQHandler
                0x0000000008000644                DMA2_Stream2_IRQHandler
                0x0000000008000644                SPI1_IRQHandler
                0x0000000008000644                TIM1_BRK_TIM9_IRQHandler
                0x0000000008000644                DMA2_Stream3_IRQHandler
                0x0000000008000644                USART6_IRQHandler
                0x0000000008000644                DMA2_Stream0_IRQHandler
                0x0000000008000644                TIM4_IRQHandler
                0x0000000008000644                I2C1_EV_IRQHandler
                0x0000000008000644                DMA1_Stream6_IRQHandler
                0x0000000008000644                DMA1_Stream1_IRQHandler
                0x0000000008000644                TIM3_IRQHandler
                0x0000000008000644                RCC_IRQHandler
                0x0000000008000644                Default_Handler
                0x0000000008000644                EXTI15_10_IRQHandler
                0x0000000008000644                ADC_IRQHandler
                0x0000000008000644                DMA1_Stream7_IRQHandler
                0x0000000008000644                SPI5_IRQHandler
                0x0000000008000644                TIM5_IRQHandler
                0x0000000008000644                DMA2_Stream7_IRQHandler
                0x0000000008000644                I2C3_EV_IRQHandler
                0x0000000008000644                EXTI9_5_IRQHandler
                0x0000000008000644                RTC_WKUP_IRQHandler
                0x0000000008000644                SPI2_IRQHandler
                0x0000000008000644                DMA1_Stream0_IRQHandler
                0x0000000008000644                EXTI4_IRQHandler
                0x0000000008000644                WWDG_IRQHandler
                0x0000000008000644                TIM2_IRQHandler
                0x0000000008000644                OTG_FS_WKUP_IRQHandler
                0x0000000008000644                TIM1_TRG_COM_TIM11_IRQHandler
                0x0000000008000644                EXTI1_IRQHandler
                0x0000000008000644                USART2_IRQHandler
                0x0000000008000644                I2C2_ER_IRQHandler
                0x0000000008000644                DMA2_Stream1_IRQHandler
                0x0000000008000644                FLASH_IRQHandler
                0x0000000008000644                DMA2_Stream4_IRQHandler
                0x0000000008000644                USART1_IRQHandler
                0x0000000008000644                OTG_FS_IRQHandler
                0x0000000008000644                SPI3_IRQHandler
                0x0000000008000644                DMA1_Stream4_IRQHandler
                0x0000000008000644                I2C1_ER_IRQHandler
                0x0000000008000644                DMA2_Stream6_IRQHandler
                0x0000000008000644                RTC_Alarm_IRQHandler
 *fill*         0x0000000008000646        0x2 
 .text.SystemCoreClockUpdate
                0x0000000008000648       0x10 ./system/src/cmsis/system_stm32f4xx.o
                0x0000000008000648                SystemCoreClockUpdate
 .text.SystemInit
                0x0000000008000658       0x10 ./system/src/cmsis/system_stm32f4xx.o
                0x0000000008000658                SystemInit
 .text.timer_start
                0x0000000008000668       0x3c ./src/Timer.o
                0x0000000008000668                timer_start
 .text.timer_sleep
                0x00000000080006a4       0x14 ./src/Timer.o
                0x00000000080006a4                timer_sleep
 .text.timer_tick
                0x00000000080006b8       0x14 ./src/Timer.o
                0x00000000080006b8                timer_tick
 .text.SysTick_Handler
                0x00000000080006cc        0x8 ./src/Timer.o
                0x00000000080006cc                SysTick_Handler
 .text.main     0x00000000080006d4       0x3c ./src/main.o
                0x00000000080006d4                main
 .text.__errno  0x0000000008000710        0xc /Users/jnana/Desktop/EmbeddedWorkspace/SoftwareAndToolChain/gcc-arm-none-eabi-7-2017-q4-major/bin/../lib/gcc/arm-none-eabi/7.2.1/../../../../arm-none-eabi/lib/thumb/v7e-m/libg_nano.a(lib_a-errno.o)
                0x0000000008000710                __errno
 .text.memcpy   0x000000000800071c       0x16 /Users/jnana/Desktop/EmbeddedWorkspace/SoftwareAndToolChain/gcc-arm-none-eabi-7-2017-q4-major/bin/../lib/gcc/arm-none-eabi/7.2.1/../../../../arm-none-eabi/lib/thumb/v7e-m/libg_nano.a(lib_a-memcpy-stub.o)
                0x000000000800071c                memcpy
 .text          0x0000000008000732       0x10 /Users/jnana/Desktop/EmbeddedWorkspace/SoftwareAndToolChain/gcc-arm-none-eabi-7-2017-q4-major/bin/../lib/gcc/arm-none-eabi/7.2.1/../../../../arm-none-eabi/lib/thumb/v7e-m/libg_nano.a(lib_a-strlen.o)
                0x0000000008000732                strlen
 .text._vsnprintf_r
                0x0000000008000742       0x58 /Users/jnana/Desktop/EmbeddedWorkspace/SoftwareAndToolChain/gcc-arm-none-eabi-7-2017-q4-major/bin/../lib/gcc/arm-none-eabi/7.2.1/../../../../arm-none-eabi/lib/thumb/v7e-m/libg_nano.a(lib_a-vsnprintf.o)
                0x0000000008000742                _vsnprintf_r
                0x0000000008000742                _vsniprintf_r
 *fill*         0x000000000800079a        0x2 
 .text.vsnprintf
                0x000000000800079c       0x1c /Users/jnana/Desktop/EmbeddedWorkspace/SoftwareAndToolChain/gcc-arm-none-eabi-7-2017-q4-major/bin/../lib/gcc/arm-none-eabi/7.2.1/../../../../arm-none-eabi/lib/thumb/v7e-m/libg_nano.a(lib_a-vsnprintf.o)
                0x000000000800079c                vsnprintf
                0x000000000800079c                vsniprintf
 .text.__ssputs_r
                0x00000000080007b8       0xb4 /Users/jnana/Desktop/EmbeddedWorkspace/SoftwareAndToolChain/gcc-arm-none-eabi-7-2017-q4-major/bin/../lib/gcc/arm-none-eabi/7.2.1/../../../../arm-none-eabi/lib/thumb/v7e-m/libg_nano.a(lib_a-nano-svfprintf.o)
                0x00000000080007b8                __ssputs_r
 .text._svfprintf_r
                0x000000000800086c      0x1ec /Users/jnana/Desktop/EmbeddedWorkspace/SoftwareAndToolChain/gcc-arm-none-eabi-7-2017-q4-major/bin/../lib/gcc/arm-none-eabi/7.2.1/../../../../arm-none-eabi/lib/thumb/v7e-m/libg_nano.a(lib_a-nano-svfprintf.o)
                0x000000000800086c                _svfprintf_r
                0x000000000800086c                _svfiprintf_r
 .text._printf_common
                0x0000000008000a58       0xea /Users/jnana/Desktop/EmbeddedWorkspace/SoftwareAndToolChain/gcc-arm-none-eabi-7-2017-q4-major/bin/../lib/gcc/arm-none-eabi/7.2.1/../../../../arm-none-eabi/lib/thumb/v7e-m/libg_nano.a(lib_a-nano-vfprintf_i.o)
                0x0000000008000a58                _printf_common
 *fill*         0x0000000008000b42        0x2 
 .text._printf_i
                0x0000000008000b44      0x224 /Users/jnana/Desktop/EmbeddedWorkspace/SoftwareAndToolChain/gcc-arm-none-eabi-7-2017-q4-major/bin/../lib/gcc/arm-none-eabi/7.2.1/../../../../arm-none-eabi/lib/thumb/v7e-m/libg_nano.a(lib_a-nano-vfprintf_i.o)
                0x0000000008000b44                _printf_i
 *fill*         0x0000000008000d68        0x8 
 .text          0x0000000008000d70       0xa0 /Users/jnana/Desktop/EmbeddedWorkspace/SoftwareAndToolChain/gcc-arm-none-eabi-7-2017-q4-major/bin/../lib/gcc/arm-none-eabi/7.2.1/../../../../arm-none-eabi/lib/thumb/v7e-m/libg_nano.a(lib_a-memchr.o)
                0x0000000008000d70                memchr
 .text.memmove  0x0000000008000e10       0x32 /Users/jnana/Desktop/EmbeddedWorkspace/SoftwareAndToolChain/gcc-arm-none-eabi-7-2017-q4-major/bin/../lib/gcc/arm-none-eabi/7.2.1/../../../../arm-none-eabi/lib/thumb/v7e-m/libg_nano.a(lib_a-memmove.o)
                0x0000000008000e10                memmove
 *fill*         0x0000000008000e42        0x2 
 .text._free_r  0x0000000008000e44       0x9c /Users/jnana/Desktop/EmbeddedWorkspace/SoftwareAndToolChain/gcc-arm-none-eabi-7-2017-q4-major/bin/../lib/gcc/arm-none-eabi/7.2.1/../../../../arm-none-eabi/lib/thumb/v7e-m/libg_nano.a(lib_a-nano-freer.o)
                0x0000000008000e44                _free_r
 .text._malloc_r
                0x0000000008000ee0       0xb4 /Users/jnana/Desktop/EmbeddedWorkspace/SoftwareAndToolChain/gcc-arm-none-eabi-7-2017-q4-major/bin/../lib/gcc/arm-none-eabi/7.2.1/../../../../arm-none-eabi/lib/thumb/v7e-m/libg_nano.a(lib_a-nano-mallocr.o)
                0x0000000008000ee0                _malloc_r
 .text._realloc_r
                0x0000000008000f94       0x4c /Users/jnana/Desktop/EmbeddedWorkspace/SoftwareAndToolChain/gcc-arm-none-eabi-7-2017-q4-major/bin/../lib/gcc/arm-none-eabi/7.2.1/../../../../arm-none-eabi/lib/thumb/v7e-m/libg_nano.a(lib_a-nano-reallocr.o)
                0x0000000008000f94                _realloc_r
 .text._sbrk_r  0x0000000008000fe0       0x20 /Users/jnana/Desktop/EmbeddedWorkspace/SoftwareAndToolChain/gcc-arm-none-eabi-7-2017-q4-major/bin/../lib/gcc/arm-none-eabi/7.2.1/../../../../arm-none-eabi/lib/thumb/v7e-m/libg_nano.a(lib_a-sbrkr.o)
                0x0000000008000fe0                _sbrk_r
 .text.__malloc_lock
                0x0000000008001000        0x2 /Users/jnana/Desktop/EmbeddedWorkspace/SoftwareAndToolChain/gcc-arm-none-eabi-7-2017-q4-major/bin/../lib/gcc/arm-none-eabi/7.2.1/../../../../arm-none-eabi/lib/thumb/v7e-m/libg_nano.a(lib_a-mlock.o)
                0x0000000008001000                __malloc_lock
 .text.__malloc_unlock
                0x0000000008001002        0x2 /Users/jnana/Desktop/EmbeddedWorkspace/SoftwareAndToolChain/gcc-arm-none-eabi-7-2017-q4-major/bin/../lib/gcc/arm-none-eabi/7.2.1/../../../../arm-none-eabi/lib/thumb/v7e-m/libg_nano.a(lib_a-mlock.o)
                0x0000000008001002                __malloc_unlock
 .text._malloc_usable_size_r
                0x0000000008001004       0x10 /Users/jnana/Desktop/EmbeddedWorkspace/SoftwareAndToolChain/gcc-arm-none-eabi-7-2017-q4-major/bin/../lib/gcc/arm-none-eabi/7.2.1/../../../../arm-none-eabi/lib/thumb/v7e-m/libg_nano.a(lib_a-nano-msizer.o)
                0x0000000008001004                _malloc_usable_size_r
 *(.rodata .rodata.* .constdata .constdata.*)
 .rodata.trace_puts.str1.4
                0x0000000008001014        0x0 ./system/src/diag/Trace.o
                                          0x2 (size before relaxing)
 .rodata.dumpExceptionStack.str1.4
                0x0000000008001014      0x11a ./system/src/cortexm/exception_handlers.o
 *fill*         0x000000000800112e        0x2 
 .rodata.str1.4
                0x0000000008001130       0x2a ./system/src/cortexm/exception_handlers.o
 *fill*         0x000000000800115a        0x2 
 .rodata.main.str1.4
                0x000000000800115c       0x38 ./src/main.o
                                         0x37 (size before relaxing)
 .rodata._svfprintf_r.str1.1
                0x0000000008001194       0x11 /Users/jnana/Desktop/EmbeddedWorkspace/SoftwareAndToolChain/gcc-arm-none-eabi-7-2017-q4-major/bin/../lib/gcc/arm-none-eabi/7.2.1/../../../../arm-none-eabi/lib/thumb/v7e-m/libg_nano.a(lib_a-nano-svfprintf.o)
 .rodata._printf_i.str1.1
                0x00000000080011a5       0x22 /Users/jnana/Desktop/EmbeddedWorkspace/SoftwareAndToolChain/gcc-arm-none-eabi-7-2017-q4-major/bin/../lib/gcc/arm-none-eabi/7.2.1/../../../../arm-none-eabi/lib/thumb/v7e-m/libg_nano.a(lib_a-nano-vfprintf_i.o)
 *(vtable)
 *(.eh_frame*)
 *(.glue_7)
 .glue_7        0x00000000080011c7        0x0 linker stubs
 *(.glue_7t)
 .glue_7t       0x00000000080011c7        0x0 linker stubs

.vfp11_veneer   0x00000000080011c8        0x0
 .vfp11_veneer  0x00000000080011c8        0x0 linker stubs

.v4_bx          0x00000000080011c8        0x0
 .v4_bx         0x00000000080011c8        0x0 linker stubs

.iplt           0x00000000080011c8        0x0
 .iplt          0x00000000080011c8        0x0 ./system/src/newlib/_exit.o

.rel.dyn        0x00000000080011c8        0x0
 .rel.iplt      0x00000000080011c8        0x0 ./system/src/newlib/_exit.o

.ARM.extab
 *(.ARM.extab* .gnu.linkonce.armextab.*)
                0x00000000080011c8                . = ALIGN (0x4)
                0x00000000080011c8                __exidx_start = .

.ARM.exidx
 *(.ARM.exidx* .gnu.linkonce.armexidx.*)
                0x00000000080011c8                __exidx_end = .
                0x00000000080011c8                . = ALIGN (0x4)
                0x00000000080011c8                _etext = .
                0x00000000080011c8                __etext = .

.data_CCMRAM    0x0000000010000000        0x0 load address 0x00000000080011c8
 FILL mask 0xff
 *(.data.CCMRAM .data.CCMRAM.*)
                0x0000000010000000                . = ALIGN (0x4)
                0x00000000080011c8                _sidata = LOADADDR (.data)

.data           0x0000000020000000       0x78 load address 0x00000000080011c8
 FILL mask 0xff
                0x0000000020000000                _sdata = .
                0x0000000020000000                __data_start__ = .
 *(.data_begin .data_begin.*)
 .data_begin    0x0000000020000000        0x4 ./system/src/newlib/_startup.o
 *(.data .data.*)
 .data.argv.4310
                0x0000000020000004        0x8 ./system/src/newlib/_syscalls.o
 .data.SystemCoreClock
                0x000000002000000c        0x4 ./system/src/cmsis/system_stm32f4xx.o
                0x000000002000000c                SystemCoreClock
 .data._impure_ptr
                0x0000000020000010        0x4 /Users/jnana/Desktop/EmbeddedWorkspace/SoftwareAndToolChain/gcc-arm-none-eabi-7-2017-q4-major/bin/../lib/gcc/arm-none-eabi/7.2.1/../../../../arm-none-eabi/lib/thumb/v7e-m/libg_nano.a(lib_a-impure.o)
                0x0000000020000010                _impure_ptr
 .data.impure_data
                0x0000000020000014       0x60 /Users/jnana/Desktop/EmbeddedWorkspace/SoftwareAndToolChain/gcc-arm-none-eabi-7-2017-q4-major/bin/../lib/gcc/arm-none-eabi/7.2.1/../../../../arm-none-eabi/lib/thumb/v7e-m/libg_nano.a(lib_a-impure.o)
 *(.data_end .data_end.*)
 .data_end      0x0000000020000074        0x4 ./system/src/newlib/_startup.o
                0x0000000020000078                . = ALIGN (0x4)
                0x0000000020000078                _edata = .
                0x0000000020000078                __data_end__ = .

.igot.plt       0x0000000020000078        0x0 load address 0x0000000008001240
 .igot.plt      0x0000000020000078        0x0 ./system/src/newlib/_exit.o

.bss_CCMRAM     0x0000000010000000        0x0
 *(.bss.CCMRAM .bss.CCMRAM.*)

.bss            0x0000000020000078       0xa0
                0x0000000020000078                __bss_start__ = .
                0x0000000020000078                _sbss = .
 *(.bss_begin .bss_begin.*)
 .bss_begin     0x0000000020000078        0x4 ./system/src/newlib/_startup.o
 *(.bss .bss.*)
 .bss.current_heap_end.3961
                0x000000002000007c        0x4 ./system/src/newlib/_sbrk.o
 .bss.name.4309
                0x0000000020000080        0x1 ./system/src/newlib/_syscalls.o
 *fill*         0x0000000020000081        0x3 
 .bss.buf.5205  0x0000000020000084       0x80 ./system/src/diag/Trace.o
 .bss.__malloc_free_list
                0x0000000020000104        0x4 /Users/jnana/Desktop/EmbeddedWorkspace/SoftwareAndToolChain/gcc-arm-none-eabi-7-2017-q4-major/bin/../lib/gcc/arm-none-eabi/7.2.1/../../../../arm-none-eabi/lib/thumb/v7e-m/libg_nano.a(lib_a-nano-mallocr.o)
                0x0000000020000104                __malloc_free_list
 .bss.__malloc_sbrk_start
                0x0000000020000108        0x4 /Users/jnana/Desktop/EmbeddedWorkspace/SoftwareAndToolChain/gcc-arm-none-eabi-7-2017-q4-major/bin/../lib/gcc/arm-none-eabi/7.2.1/../../../../arm-none-eabi/lib/thumb/v7e-m/libg_nano.a(lib_a-nano-mallocr.o)
                0x0000000020000108                __malloc_sbrk_start
 *(COMMON)
 COMMON         0x000000002000010c        0x4 ./system/src/newlib/_syscalls.o
                0x000000002000010c                errno
 COMMON         0x0000000020000110        0x4 ./src/Timer.o
                0x0000000020000110                timer_delayCount
 *(.bss_end .bss_end.*)
 .bss_end       0x0000000020000114        0x4 ./system/src/newlib/_startup.o
                0x0000000020000118                . = ALIGN (0x4)
                0x0000000020000118                __bss_end__ = .
                0x0000000020000118                _ebss = .

.noinit_CCMRAM
 *(.noinit.CCMRAM .noinit.CCMRAM.*)

.noinit         0x0000000020000118        0x0
                0x0000000020000118                _noinit = .
 *(.noinit .noinit.*)
                0x0000000020000118                . = ALIGN (0x4)
                0x0000000020000118                _end_noinit = .
                [!provide]                        PROVIDE (end, _end_noinit)
                [!provide]                        PROVIDE (_end, _end_noinit)
                [!provide]                        PROVIDE (__end, _end_noinit)
                [!provide]                        PROVIDE (__end__, _end_noinit)

._check_stack   0x0000000020000118      0x100
                0x0000000020000218                . = (. + _Minimum_Stack_Size)
 *fill*         0x0000000020000118      0x100 

.b1text
 *(.b1text)
 *(.b1rodata)
 *(.b1rodata.*)

.eb0text
 *(.eb0text)
 *(.eb0rodata)
 *(.eb0rodata.*)

.eb1text
 *(.eb1text)
 *(.eb1rodata)
 *(.eb1rodata.*)

.eb2text
 *(.eb2text)
 *(.eb2rodata)
 *(.eb2rodata.*)

.eb3text
 *(.eb3text)
 *(.eb3rodata)
 *(.eb3rodata.*)

.stab
 *(.stab)

.stabstr
 *(.stabstr)

.stab.excl
 *(.stab.excl)

.stab.exclstr
 *(.stab.exclstr)

.stab.index
 *(.stab.index)

.stab.indexstr
 *(.stab.indexstr)

.comment        0x0000000000000000       0x7e
 *(.comment)
 .comment       0x0000000000000000       0x7e ./system/src/newlib/_exit.o
                                         0x7f (size before relaxing)
 .comment       0x000000000000007e       0x7f ./system/src/newlib/_sbrk.o
 .comment       0x000000000000007e       0x7f ./system/src/newlib/_startup.o
 .comment       0x000000000000007e       0x7f ./system/src/newlib/_syscalls.o
 .comment       0x000000000000007e       0x7f ./system/src/diag/Trace.o
 .comment       0x000000000000007e       0x7f ./system/src/diag/trace_impl.o
 .comment       0x000000000000007e       0x7f ./system/src/cortexm/_initialize_hardware.o
 .comment       0x000000000000007e       0x7f ./system/src/cortexm/exception_handlers.o
 .comment       0x000000000000007e       0x7f ./system/src/cmsis/system_stm32f4xx.o
 .comment       0x000000000000007e       0x7f ./src/Timer.o
 .comment       0x000000000000007e       0x7f ./src/main.o

.ARM.attributes
                0x0000000000000000       0x31
 .ARM.attributes
                0x0000000000000000       0x33 ./system/src/newlib/_exit.o
 .ARM.attributes
                0x0000000000000033       0x33 ./system/src/newlib/_sbrk.o
 .ARM.attributes
                0x0000000000000066       0x33 ./system/src/newlib/_startup.o
 .ARM.attributes
                0x0000000000000099       0x33 ./system/src/newlib/_syscalls.o
 .ARM.attributes
                0x00000000000000cc       0x33 ./system/src/diag/Trace.o
 .ARM.attributes
                0x00000000000000ff       0x33 ./system/src/diag/trace_impl.o
 .ARM.attributes
                0x0000000000000132       0x33 ./system/src/cortexm/_initialize_hardware.o
 .ARM.attributes
                0x0000000000000165       0x33 ./system/src/cortexm/exception_handlers.o
 .ARM.attributes
                0x0000000000000198       0x21 ./system/src/cmsis/startup_stm32f411xe.o
 .ARM.attributes
                0x00000000000001b9       0x33 ./system/src/cmsis/system_stm32f4xx.o
 .ARM.attributes
                0x00000000000001ec       0x33 ./src/Timer.o
 .ARM.attributes
                0x000000000000021f       0x33 ./src/main.o
 .ARM.attributes
                0x0000000000000252       0x2e /Users/jnana/Desktop/EmbeddedWorkspace/SoftwareAndToolChain/gcc-arm-none-eabi-7-2017-q4-major/bin/../lib/gcc/arm-none-eabi/7.2.1/../../../../arm-none-eabi/lib/thumb/v7e-m/libg_nano.a(lib_a-errno.o)
 .ARM.attributes
                0x0000000000000280       0x2e /Users/jnana/Desktop/EmbeddedWorkspace/SoftwareAndToolChain/gcc-arm-none-eabi-7-2017-q4-major/bin/../lib/gcc/arm-none-eabi/7.2.1/../../../../arm-none-eabi/lib/thumb/v7e-m/libg_nano.a(lib_a-impure.o)
 .ARM.attributes
                0x00000000000002ae       0x2e /Users/jnana/Desktop/EmbeddedWorkspace/SoftwareAndToolChain/gcc-arm-none-eabi-7-2017-q4-major/bin/../lib/gcc/arm-none-eabi/7.2.1/../../../../arm-none-eabi/lib/thumb/v7e-m/libg_nano.a(lib_a-memcpy-stub.o)
 .ARM.attributes
                0x00000000000002dc       0x17 /Users/jnana/Desktop/EmbeddedWorkspace/SoftwareAndToolChain/gcc-arm-none-eabi-7-2017-q4-major/bin/../lib/gcc/arm-none-eabi/7.2.1/../../../../arm-none-eabi/lib/thumb/v7e-m/libg_nano.a(lib_a-strlen.o)
 .ARM.attributes
                0x00000000000002f3       0x2e /Users/jnana/Desktop/EmbeddedWorkspace/SoftwareAndToolChain/gcc-arm-none-eabi-7-2017-q4-major/bin/../lib/gcc/arm-none-eabi/7.2.1/../../../../arm-none-eabi/lib/thumb/v7e-m/libg_nano.a(lib_a-vsnprintf.o)
 .ARM.attributes
                0x0000000000000321       0x2e /Users/jnana/Desktop/EmbeddedWorkspace/SoftwareAndToolChain/gcc-arm-none-eabi-7-2017-q4-major/bin/../lib/gcc/arm-none-eabi/7.2.1/../../../../arm-none-eabi/lib/thumb/v7e-m/libg_nano.a(lib_a-nano-svfprintf.o)
 .ARM.attributes
                0x000000000000034f       0x2e /Users/jnana/Desktop/EmbeddedWorkspace/SoftwareAndToolChain/gcc-arm-none-eabi-7-2017-q4-major/bin/../lib/gcc/arm-none-eabi/7.2.1/../../../../arm-none-eabi/lib/thumb/v7e-m/libg_nano.a(lib_a-nano-vfprintf_i.o)
 .ARM.attributes
                0x000000000000037d       0x1c /Users/jnana/Desktop/EmbeddedWorkspace/SoftwareAndToolChain/gcc-arm-none-eabi-7-2017-q4-major/bin/../lib/gcc/arm-none-eabi/7.2.1/../../../../arm-none-eabi/lib/thumb/v7e-m/libg_nano.a(lib_a-memchr.o)
 .ARM.attributes
                0x0000000000000399       0x2e /Users/jnana/Desktop/EmbeddedWorkspace/SoftwareAndToolChain/gcc-arm-none-eabi-7-2017-q4-major/bin/../lib/gcc/arm-none-eabi/7.2.1/../../../../arm-none-eabi/lib/thumb/v7e-m/libg_nano.a(lib_a-memmove.o)
 .ARM.attributes
                0x00000000000003c7       0x2e /Users/jnana/Desktop/EmbeddedWorkspace/SoftwareAndToolChain/gcc-arm-none-eabi-7-2017-q4-major/bin/../lib/gcc/arm-none-eabi/7.2.1/../../../../arm-none-eabi/lib/thumb/v7e-m/libg_nano.a(lib_a-nano-freer.o)
 .ARM.attributes
                0x00000000000003f5       0x2e /Users/jnana/Desktop/EmbeddedWorkspace/SoftwareAndToolChain/gcc-arm-none-eabi-7-2017-q4-major/bin/../lib/gcc/arm-none-eabi/7.2.1/../../../../arm-none-eabi/lib/thumb/v7e-m/libg_nano.a(lib_a-nano-mallocr.o)
 .ARM.attributes
                0x0000000000000423       0x2e /Users/jnana/Desktop/EmbeddedWorkspace/SoftwareAndToolChain/gcc-arm-none-eabi-7-2017-q4-major/bin/../lib/gcc/arm-none-eabi/7.2.1/../../../../arm-none-eabi/lib/thumb/v7e-m/libg_nano.a(lib_a-nano-reallocr.o)
 .ARM.attributes
                0x0000000000000451       0x2e /Users/jnana/Desktop/EmbeddedWorkspace/SoftwareAndToolChain/gcc-arm-none-eabi-7-2017-q4-major/bin/../lib/gcc/arm-none-eabi/7.2.1/../../../../arm-none-eabi/lib/thumb/v7e-m/libg_nano.a(lib_a-sbrkr.o)
 .ARM.attributes
                0x000000000000047f       0x2e /Users/jnana/Desktop/EmbeddedWorkspace/SoftwareAndToolChain/gcc-arm-none-eabi-7-2017-q4-major/bin/../lib/gcc/arm-none-eabi/7.2.1/../../../../arm-none-eabi/lib/thumb/v7e-m/libg_nano.a(lib_a-mlock.o)
 .ARM.attributes
                0x00000000000004ad       0x2e /Users/jnana/Desktop/EmbeddedWorkspace/SoftwareAndToolChain/gcc-arm-none-eabi-7-2017-q4-major/bin/../lib/gcc/arm-none-eabi/7.2.1/../../../../arm-none-eabi/lib/thumb/v7e-m/libg_nano.a(lib_a-nano-msizer.o)

.debug
 *(.debug)

.line
 *(.line)

.debug_srcinfo
 *(.debug_srcinfo)

.debug_sfnames
 *(.debug_sfnames)

.debug_aranges  0x0000000000000000      0x280
 *(.debug_aranges)
 .debug_aranges
                0x0000000000000000       0x28 ./system/src/newlib/_exit.o
 .debug_aranges
                0x0000000000000028       0x20 ./system/src/newlib/_sbrk.o
 .debug_aranges
                0x0000000000000048       0x40 ./system/src/newlib/_startup.o
 .debug_aranges
                0x0000000000000088       0x30 ./system/src/newlib/_syscalls.o
 .debug_aranges
                0x00000000000000b8       0x38 ./system/src/diag/Trace.o
 .debug_aranges
                0x00000000000000f0       0x30 ./system/src/diag/trace_impl.o
 .debug_aranges
                0x0000000000000120       0x28 ./system/src/cortexm/_initialize_hardware.o
 .debug_aranges
                0x0000000000000148       0x90 ./system/src/cortexm/exception_handlers.o
 .debug_aranges
                0x00000000000001d8       0x28 ./system/src/cmsis/startup_stm32f411xe.o
 .debug_aranges
                0x0000000000000200       0x28 ./system/src/cmsis/system_stm32f4xx.o
 .debug_aranges
                0x0000000000000228       0x38 ./src/Timer.o
 .debug_aranges
                0x0000000000000260       0x20 ./src/main.o

.debug_pubnames
 *(.debug_pubnames)

.debug_info     0x0000000000000000     0x56ce
 *(.debug_info .gnu.linkonce.wi.*)
 .debug_info    0x0000000000000000      0x956 ./system/src/newlib/_exit.o
 .debug_info    0x0000000000000956      0x942 ./system/src/newlib/_sbrk.o
 .debug_info    0x0000000000001298      0x42e ./system/src/newlib/_startup.o
 .debug_info    0x00000000000016c6      0xa19 ./system/src/newlib/_syscalls.o
 .debug_info    0x00000000000020df      0xb2a ./system/src/diag/Trace.o
 .debug_info    0x0000000000002c09      0x3b3 ./system/src/diag/trace_impl.o
 .debug_info    0x0000000000002fbc      0x2fa ./system/src/cortexm/_initialize_hardware.o
 .debug_info    0x00000000000032b6     0x119f ./system/src/cortexm/exception_handlers.o
 .debug_info    0x0000000000004455       0x22 ./system/src/cmsis/startup_stm32f411xe.o
 .debug_info    0x0000000000004477      0x121 ./system/src/cmsis/system_stm32f4xx.o
 .debug_info    0x0000000000004598      0x6b4 ./src/Timer.o
 .debug_info    0x0000000000004c4c      0xa82 ./src/main.o

.debug_abbrev   0x0000000000000000     0x14c3
 *(.debug_abbrev)
 .debug_abbrev  0x0000000000000000      0x1f3 ./system/src/newlib/_exit.o
 .debug_abbrev  0x00000000000001f3      0x1fc ./system/src/newlib/_sbrk.o
 .debug_abbrev  0x00000000000003ef      0x1b3 ./system/src/newlib/_startup.o
 .debug_abbrev  0x00000000000005a2      0x234 ./system/src/newlib/_syscalls.o
 .debug_abbrev  0x00000000000007d6      0x276 ./system/src/diag/Trace.o
 .debug_abbrev  0x0000000000000a4c      0x1e2 ./system/src/diag/trace_impl.o
 .debug_abbrev  0x0000000000000c2e       0xea ./system/src/cortexm/_initialize_hardware.o
 .debug_abbrev  0x0000000000000d18      0x32b ./system/src/cortexm/exception_handlers.o
 .debug_abbrev  0x0000000000001043       0x12 ./system/src/cmsis/startup_stm32f411xe.o
 .debug_abbrev  0x0000000000001055       0xa1 ./system/src/cmsis/system_stm32f4xx.o
 .debug_abbrev  0x00000000000010f6      0x1ba ./src/Timer.o
 .debug_abbrev  0x00000000000012b0      0x213 ./src/main.o

.debug_line     0x0000000000000000     0x2af8
 *(.debug_line)
 .debug_line    0x0000000000000000      0x3ef ./system/src/newlib/_exit.o
 .debug_line    0x00000000000003ef      0x3a3 ./system/src/newlib/_sbrk.o
 .debug_line    0x0000000000000792      0x45d ./system/src/newlib/_startup.o
 .debug_line    0x0000000000000bef      0x4e1 ./system/src/newlib/_syscalls.o
 .debug_line    0x00000000000010d0      0x46b ./system/src/diag/Trace.o
 .debug_line    0x000000000000153b      0x4fe ./system/src/diag/trace_impl.o
 .debug_line    0x0000000000001a39      0x1c2 ./system/src/cortexm/_initialize_hardware.o
 .debug_line    0x0000000000001bfb      0x5c0 ./system/src/cortexm/exception_handlers.o
 .debug_line    0x00000000000021bb       0x88 ./system/src/cmsis/startup_stm32f411xe.o
 .debug_line    0x0000000000002243      0x1a8 ./system/src/cmsis/system_stm32f4xx.o
 .debug_line    0x00000000000023eb      0x226 ./src/Timer.o
 .debug_line    0x0000000000002611      0x4e7 ./src/main.o

.debug_frame    0x0000000000000000      0x734
 *(.debug_frame)
 .debug_frame   0x0000000000000000       0x38 ./system/src/newlib/_exit.o
 .debug_frame   0x0000000000000038       0x28 ./system/src/newlib/_sbrk.o
 .debug_frame   0x0000000000000060       0x7c ./system/src/newlib/_startup.o
 .debug_frame   0x00000000000000dc       0x50 ./system/src/newlib/_syscalls.o
 .debug_frame   0x000000000000012c       0x94 ./system/src/diag/Trace.o
 .debug_frame   0x00000000000001c0       0x64 ./system/src/diag/trace_impl.o
 .debug_frame   0x0000000000000224       0x40 ./system/src/cortexm/_initialize_hardware.o
 .debug_frame   0x0000000000000264      0x158 ./system/src/cortexm/exception_handlers.o
 .debug_frame   0x00000000000003bc       0x30 ./system/src/cmsis/system_stm32f4xx.o
 .debug_frame   0x00000000000003ec       0x58 ./src/Timer.o
 .debug_frame   0x0000000000000444       0x28 ./src/main.o
 .debug_frame   0x000000000000046c       0x20 /Users/jnana/Desktop/EmbeddedWorkspace/SoftwareAndToolChain/gcc-arm-none-eabi-7-2017-q4-major/bin/../lib/gcc/arm-none-eabi/7.2.1/../../../../arm-none-eabi/lib/thumb/v7e-m/libg_nano.a(lib_a-errno.o)
 .debug_frame   0x000000000000048c       0x28 /Users/jnana/Desktop/EmbeddedWorkspace/SoftwareAndToolChain/gcc-arm-none-eabi-7-2017-q4-major/bin/../lib/gcc/arm-none-eabi/7.2.1/../../../../arm-none-eabi/lib/thumb/v7e-m/libg_nano.a(lib_a-memcpy-stub.o)
 .debug_frame   0x00000000000004b4       0x4c /Users/jnana/Desktop/EmbeddedWorkspace/SoftwareAndToolChain/gcc-arm-none-eabi-7-2017-q4-major/bin/../lib/gcc/arm-none-eabi/7.2.1/../../../../arm-none-eabi/lib/thumb/v7e-m/libg_nano.a(lib_a-vsnprintf.o)
 .debug_frame   0x0000000000000500       0x90 /Users/jnana/Desktop/EmbeddedWorkspace/SoftwareAndToolChain/gcc-arm-none-eabi-7-2017-q4-major/bin/../lib/gcc/arm-none-eabi/7.2.1/../../../../arm-none-eabi/lib/thumb/v7e-m/libg_nano.a(lib_a-nano-svfprintf.o)
 .debug_frame   0x0000000000000590       0x60 /Users/jnana/Desktop/EmbeddedWorkspace/SoftwareAndToolChain/gcc-arm-none-eabi-7-2017-q4-major/bin/../lib/gcc/arm-none-eabi/7.2.1/../../../../arm-none-eabi/lib/thumb/v7e-m/libg_nano.a(lib_a-nano-vfprintf_i.o)
 .debug_frame   0x00000000000005f0       0x28 /Users/jnana/Desktop/EmbeddedWorkspace/SoftwareAndToolChain/gcc-arm-none-eabi-7-2017-q4-major/bin/../lib/gcc/arm-none-eabi/7.2.1/../../../../arm-none-eabi/lib/thumb/v7e-m/libg_nano.a(lib_a-memmove.o)
 .debug_frame   0x0000000000000618       0x38 /Users/jnana/Desktop/EmbeddedWorkspace/SoftwareAndToolChain/gcc-arm-none-eabi-7-2017-q4-major/bin/../lib/gcc/arm-none-eabi/7.2.1/../../../../arm-none-eabi/lib/thumb/v7e-m/libg_nano.a(lib_a-nano-freer.o)
 .debug_frame   0x0000000000000650       0x2c /Users/jnana/Desktop/EmbeddedWorkspace/SoftwareAndToolChain/gcc-arm-none-eabi-7-2017-q4-major/bin/../lib/gcc/arm-none-eabi/7.2.1/../../../../arm-none-eabi/lib/thumb/v7e-m/libg_nano.a(lib_a-nano-mallocr.o)
 .debug_frame   0x000000000000067c       0x3c /Users/jnana/Desktop/EmbeddedWorkspace/SoftwareAndToolChain/gcc-arm-none-eabi-7-2017-q4-major/bin/../lib/gcc/arm-none-eabi/7.2.1/../../../../arm-none-eabi/lib/thumb/v7e-m/libg_nano.a(lib_a-nano-reallocr.o)
 .debug_frame   0x00000000000006b8       0x2c /Users/jnana/Desktop/EmbeddedWorkspace/SoftwareAndToolChain/gcc-arm-none-eabi-7-2017-q4-major/bin/../lib/gcc/arm-none-eabi/7.2.1/../../../../arm-none-eabi/lib/thumb/v7e-m/libg_nano.a(lib_a-sbrkr.o)
 .debug_frame   0x00000000000006e4       0x30 /Users/jnana/Desktop/EmbeddedWorkspace/SoftwareAndToolChain/gcc-arm-none-eabi-7-2017-q4-major/bin/../lib/gcc/arm-none-eabi/7.2.1/../../../../arm-none-eabi/lib/thumb/v7e-m/libg_nano.a(lib_a-mlock.o)
 .debug_frame   0x0000000000000714       0x20 /Users/jnana/Desktop/EmbeddedWorkspace/SoftwareAndToolChain/gcc-arm-none-eabi-7-2017-q4-major/bin/../lib/gcc/arm-none-eabi/7.2.1/../../../../arm-none-eabi/lib/thumb/v7e-m/libg_nano.a(lib_a-nano-msizer.o)

.debug_str      0x0000000000000000    0x53bed
 *(.debug_str)
 .debug_str     0x0000000000000000     0x7cf4 ./system/src/newlib/_exit.o
                                       0x7ec7 (size before relaxing)
 .debug_str     0x0000000000007cf4      0x4f5 ./system/src/newlib/_sbrk.o
                                       0x7279 (size before relaxing)
 .debug_str     0x00000000000081e9      0xbb4 ./system/src/newlib/_startup.o
                                       0x69b4 (size before relaxing)
 .debug_str     0x0000000000008d9d      0xe8b ./system/src/newlib/_syscalls.o
                                       0x8154 (size before relaxing)
 .debug_str     0x0000000000009c28      0x826 ./system/src/diag/Trace.o
                                       0x863f (size before relaxing)
 .debug_str     0x000000000000a44e    0x48f93 ./system/src/diag/trace_impl.o
                                      0x50707 (size before relaxing)
 .debug_str     0x00000000000533e1       0xbc ./system/src/cortexm/_initialize_hardware.o
                                      0x4c4f0 (size before relaxing)
 .debug_str     0x000000000005349d      0x1a6 ./system/src/cortexm/exception_handlers.o
                                      0x51924 (size before relaxing)
 .debug_str     0x0000000000053643       0x39 ./system/src/cmsis/startup_stm32f411xe.o
                                         0x89 (size before relaxing)
 .debug_str     0x000000000005367c       0x81 ./system/src/cmsis/system_stm32f4xx.o
                                      0x4c499 (size before relaxing)
 .debug_str     0x00000000000536fd      0x4bb ./src/Timer.o
                                      0x4c976 (size before relaxing)
 .debug_str     0x0000000000053bb8       0x35 ./src/main.o
                                      0x51c66 (size before relaxing)

.debug_loc      0x0000000000000000      0x7f3
 *(.debug_loc)
 .debug_loc     0x0000000000000000       0x85 ./system/src/newlib/_sbrk.o
 .debug_loc     0x0000000000000085      0x1a9 ./system/src/newlib/_startup.o
 .debug_loc     0x000000000000022e       0x63 ./system/src/newlib/_syscalls.o
 .debug_loc     0x0000000000000291       0xf6 ./system/src/diag/Trace.o
 .debug_loc     0x0000000000000387      0x121 ./system/src/diag/trace_impl.o
 .debug_loc     0x00000000000004a8      0x291 ./system/src/cortexm/exception_handlers.o
 .debug_loc     0x0000000000000739       0x59 ./src/Timer.o
 .debug_loc     0x0000000000000792       0x61 ./src/main.o

.debug_macinfo
 *(.debug_macinfo)

.debug_weaknames
 *(.debug_weaknames)

.debug_funcnames
 *(.debug_funcnames)

.debug_typenames
 *(.debug_typenames)

.debug_varnames
 *(.debug_varnames)
OUTPUT(hello-st-project.elf elf32-littlearm)

.debug_ranges   0x0000000000000000      0x240
 .debug_ranges  0x0000000000000000       0x18 ./system/src/newlib/_exit.o
 .debug_ranges  0x0000000000000018       0x10 ./system/src/newlib/_sbrk.o
 .debug_ranges  0x0000000000000028       0x78 ./system/src/newlib/_startup.o
 .debug_ranges  0x00000000000000a0       0x20 ./system/src/newlib/_syscalls.o
 .debug_ranges  0x00000000000000c0       0x28 ./system/src/diag/Trace.o
 .debug_ranges  0x00000000000000e8       0x50 ./system/src/diag/trace_impl.o
 .debug_ranges  0x0000000000000138       0x18 ./system/src/cortexm/_initialize_hardware.o
 .debug_ranges  0x0000000000000150       0x80 ./system/src/cortexm/exception_handlers.o
 .debug_ranges  0x00000000000001d0       0x20 ./system/src/cmsis/startup_stm32f411xe.o
 .debug_ranges  0x00000000000001f0       0x18 ./system/src/cmsis/system_stm32f4xx.o
 .debug_ranges  0x0000000000000208       0x28 ./src/Timer.o
 .debug_ranges  0x0000000000000230       0x10 ./src/main.o

.debug_macro    0x0000000000000000     0x1e75
 .debug_macro   0x0000000000000000      0x1b4 ./system/src/newlib/_exit.o
 .debug_macro   0x00000000000001b4      0x10e ./system/src/newlib/_exit.o
 .debug_macro   0x00000000000002c2       0x8d ./system/src/newlib/_exit.o
 .debug_macro   0x000000000000034f       0x35 ./system/src/newlib/_exit.o
 .debug_macro   0x0000000000000384      0x169 ./system/src/newlib/_sbrk.o
 .debug_macro   0x00000000000004ed      0x174 ./system/src/newlib/_sbrk.o
 .debug_macro   0x0000000000000661       0x10 ./system/src/newlib/_sbrk.o
 .debug_macro   0x0000000000000671      0x23b ./system/src/newlib/_sbrk.o
 .debug_macro   0x00000000000008ac      0x173 ./system/src/newlib/_startup.o
 .debug_macro   0x0000000000000a1f      0x217 ./system/src/newlib/_syscalls.o
 .debug_macro   0x0000000000000c36       0x1c ./system/src/newlib/_syscalls.o
 .debug_macro   0x0000000000000c52       0x10 ./system/src/newlib/_syscalls.o
 .debug_macro   0x0000000000000c62       0x10 ./system/src/newlib/_syscalls.o
 .debug_macro   0x0000000000000c72       0x10 ./system/src/newlib/_syscalls.o
 .debug_macro   0x0000000000000c82       0x35 ./system/src/newlib/_syscalls.o
 .debug_macro   0x0000000000000cb7      0x122 ./system/src/newlib/_syscalls.o
 .debug_macro   0x0000000000000dd9       0x88 ./system/src/newlib/_syscalls.o
 .debug_macro   0x0000000000000e61       0x2b ./system/src/newlib/_syscalls.o
 .debug_macro   0x0000000000000e8c      0x118 ./system/src/newlib/_syscalls.o
 .debug_macro   0x0000000000000fa4      0x189 ./system/src/newlib/_syscalls.o
 .debug_macro   0x000000000000112d       0x16 ./system/src/newlib/_syscalls.o
 .debug_macro   0x0000000000001143      0x1fb ./system/src/diag/Trace.o
 .debug_macro   0x000000000000133e       0x4c ./system/src/diag/Trace.o
 .debug_macro   0x000000000000138a       0x16 ./system/src/diag/Trace.o
 .debug_macro   0x00000000000013a0      0x204 ./system/src/diag/trace_impl.o
 .debug_macro   0x00000000000015a4       0x10 ./system/src/diag/trace_impl.o
 .debug_macro   0x00000000000015b4       0xcf ./system/src/diag/trace_impl.o
 .debug_macro   0x0000000000001683       0xbe ./system/src/diag/trace_impl.o
 .debug_macro   0x0000000000001741       0x22 ./system/src/diag/trace_impl.o
 .debug_macro   0x0000000000001763       0x95 ./system/src/cortexm/_initialize_hardware.o
 .debug_macro   0x00000000000017f8      0x24e ./system/src/cortexm/exception_handlers.o
 .debug_macro   0x0000000000001a46       0x3b ./system/src/cortexm/exception_handlers.o
 .debug_macro   0x0000000000001a81       0x10 ./system/src/cortexm/exception_handlers.o
 .debug_macro   0x0000000000001a91       0x9d ./system/src/cmsis/system_stm32f4xx.o
 .debug_macro   0x0000000000001b2e       0xae ./src/Timer.o
 .debug_macro   0x0000000000001bdc       0x10 ./src/Timer.o
 .debug_macro   0x0000000000001bec      0x289 ./src/main.o
